// Jest Snapshot v1, https://goo.gl/fbAQLP

exports[`#hello should match a snapshot 1`] = `ReactWrapper {}`;
