// Jest Snapshot v1, https://goo.gl/fbAQLP

exports[`# _App should render the app 1`] = `ShallowWrapper {}`;
