// Jest Snapshot v1, https://goo.gl/fbAQLP

exports[`# Root Page should render a root page 1`] = `ShallowWrapper {}`;
