// Jest Snapshot v1, https://goo.gl/fbAQLP

exports[`# Home Page should render a homepage 1`] = `ShallowWrapper {}`;
